// Jest Snapshot v1, https://goo.gl/fbAQLP

exports[`Studio component renders a gallery option for each gallery in array 1`] = `null`;
